// Jest Snapshot v1, https://goo.gl/fbAQLP

exports[`Button render 1`] = `
<View
  accessible={true}
  collapsable={false}
  focusable={true}
  onBlur={[Function]}
  onClick={[Function]}
  onFocus={[Function]}
  onResponderGrant={[Function]}
  onResponderMove={[Function]}
  onResponderRelease={[Function]}
  onResponderTerminate={[Function]}
  onResponderTerminationRequest={[Function]}
  onStartShouldSetResponder={[Function]}
  style={
    Array [
      Object {
        "alignItems": "center",
        "backgroundColor": "#2196F3",
        "borderRadius": 20,
        "justifyContent": "center",
        "padding": 10,
      },
      undefined,
    ]
  }
>
  <Text
    style={
      Array [
        Object {
          "color": "white",
          "fontSize": 18,
          "fontWeight": "500",
        },
        undefined,
      ]
    }
  >
    test
  </Text>
</View>
`;
